Archive member included to satisfy reference by file (symbol)

C:/ST/STM32CubeIDE_2.0.0/STM32CubeIDE/plugins/com.st.stm32cube.ide.mcu.externaltools.gnu-tools-for-stm32.13.3.rel1.win32_1.0.100.202509120712/tools/bin/../lib/gcc/arm-none-eabi/13.3.1/../../../../arm-none-eabi/lib/thumb/v7e-m+fp/hard\libc_nano.a(libc_a-exit.o)
                              C:/ST/STM32CubeIDE_2.0.0/STM32CubeIDE/plugins/com.st.stm32cube.ide.mcu.externaltools.gnu-tools-for-stm32.13.3.rel1.win32_1.0.100.202509120712/tools/bin/../lib/gcc/arm-none-eabi/13.3.1/../../../../arm-none-eabi/lib/thumb/v7e-m+fp/hard/crt0.o (exit)
C:/ST/STM32CubeIDE_2.0.0/STM32CubeIDE/plugins/com.st.stm32cube.ide.mcu.externaltools.gnu-tools-for-stm32.13.3.rel1.win32_1.0.100.202509120712/tools/bin/../lib/gcc/arm-none-eabi/13.3.1/../../../../arm-none-eabi/lib/thumb/v7e-m+fp/hard\libc_nano.a(libc_a-findfp.o)
                              C:/ST/STM32CubeIDE_2.0.0/STM32CubeIDE/plugins/com.st.stm32cube.ide.mcu.externaltools.gnu-tools-for-stm32.13.3.rel1.win32_1.0.100.202509120712/tools/bin/../lib/gcc/arm-none-eabi/13.3.1/../../../../arm-none-eabi/lib/thumb/v7e-m+fp/hard\libc_nano.a(libc_a-exit.o) (__stdio_exit_handler)
C:/ST/STM32CubeIDE_2.0.0/STM32CubeIDE/plugins/com.st.stm32cube.ide.mcu.externaltools.gnu-tools-for-stm32.13.3.rel1.win32_1.0.100.202509120712/tools/bin/../lib/gcc/arm-none-eabi/13.3.1/../../../../arm-none-eabi/lib/thumb/v7e-m+fp/hard\libc_nano.a(libc_a-fwalk.o)
                              C:/ST/STM32CubeIDE_2.0.0/STM32CubeIDE/plugins/com.st.stm32cube.ide.mcu.externaltools.gnu-tools-for-stm32.13.3.rel1.win32_1.0.100.202509120712/tools/bin/../lib/gcc/arm-none-eabi/13.3.1/../../../../arm-none-eabi/lib/thumb/v7e-m+fp/hard\libc_nano.a(libc_a-findfp.o) (_fwalk_sglue)
C:/ST/STM32CubeIDE_2.0.0/STM32CubeIDE/plugins/com.st.stm32cube.ide.mcu.externaltools.gnu-tools-for-stm32.13.3.rel1.win32_1.0.100.202509120712/tools/bin/../lib/gcc/arm-none-eabi/13.3.1/../../../../arm-none-eabi/lib/thumb/v7e-m+fp/hard\libc_nano.a(libc_a-stdio.o)
                              C:/ST/STM32CubeIDE_2.0.0/STM32CubeIDE/plugins/com.st.stm32cube.ide.mcu.externaltools.gnu-tools-for-stm32.13.3.rel1.win32_1.0.100.202509120712/tools/bin/../lib/gcc/arm-none-eabi/13.3.1/../../../../arm-none-eabi/lib/thumb/v7e-m+fp/hard\libc_nano.a(libc_a-findfp.o) (__sread)
C:/ST/STM32CubeIDE_2.0.0/STM32CubeIDE/plugins/com.st.stm32cube.ide.mcu.externaltools.gnu-tools-for-stm32.13.3.rel1.win32_1.0.100.202509120712/tools/bin/../lib/gcc/arm-none-eabi/13.3.1/../../../../arm-none-eabi/lib/thumb/v7e-m+fp/hard\libc_nano.a(libc_a-memset.o)
                              C:/ST/STM32CubeIDE_2.0.0/STM32CubeIDE/plugins/com.st.stm32cube.ide.mcu.externaltools.gnu-tools-for-stm32.13.3.rel1.win32_1.0.100.202509120712/tools/bin/../lib/gcc/arm-none-eabi/13.3.1/../../../../arm-none-eabi/lib/thumb/v7e-m+fp/hard/crt0.o (memset)
C:/ST/STM32CubeIDE_2.0.0/STM32CubeIDE/plugins/com.st.stm32cube.ide.mcu.externaltools.gnu-tools-for-stm32.13.3.rel1.win32_1.0.100.202509120712/tools/bin/../lib/gcc/arm-none-eabi/13.3.1/../../../../arm-none-eabi/lib/thumb/v7e-m+fp/hard\libc_nano.a(libc_a-closer.o)
                              C:/ST/STM32CubeIDE_2.0.0/STM32CubeIDE/plugins/com.st.stm32cube.ide.mcu.externaltools.gnu-tools-for-stm32.13.3.rel1.win32_1.0.100.202509120712/tools/bin/../lib/gcc/arm-none-eabi/13.3.1/../../../../arm-none-eabi/lib/thumb/v7e-m+fp/hard\libc_nano.a(libc_a-stdio.o) (_close_r)
C:/ST/STM32CubeIDE_2.0.0/STM32CubeIDE/plugins/com.st.stm32cube.ide.mcu.externaltools.gnu-tools-for-stm32.13.3.rel1.win32_1.0.100.202509120712/tools/bin/../lib/gcc/arm-none-eabi/13.3.1/../../../../arm-none-eabi/lib/thumb/v7e-m+fp/hard\libc_nano.a(libc_a-reent.o)
                              C:/ST/STM32CubeIDE_2.0.0/STM32CubeIDE/plugins/com.st.stm32cube.ide.mcu.externaltools.gnu-tools-for-stm32.13.3.rel1.win32_1.0.100.202509120712/tools/bin/../lib/gcc/arm-none-eabi/13.3.1/../../../../arm-none-eabi/lib/thumb/v7e-m+fp/hard\libc_nano.a(libc_a-closer.o) (errno)
C:/ST/STM32CubeIDE_2.0.0/STM32CubeIDE/plugins/com.st.stm32cube.ide.mcu.externaltools.gnu-tools-for-stm32.13.3.rel1.win32_1.0.100.202509120712/tools/bin/../lib/gcc/arm-none-eabi/13.3.1/../../../../arm-none-eabi/lib/thumb/v7e-m+fp/hard\libc_nano.a(libc_a-impure.o)
                              C:/ST/STM32CubeIDE_2.0.0/STM32CubeIDE/plugins/com.st.stm32cube.ide.mcu.externaltools.gnu-tools-for-stm32.13.3.rel1.win32_1.0.100.202509120712/tools/bin/../lib/gcc/arm-none-eabi/13.3.1/../../../../arm-none-eabi/lib/thumb/v7e-m+fp/hard\libc_nano.a(libc_a-reent.o) (_impure_ptr)
C:/ST/STM32CubeIDE_2.0.0/STM32CubeIDE/plugins/com.st.stm32cube.ide.mcu.externaltools.gnu-tools-for-stm32.13.3.rel1.win32_1.0.100.202509120712/tools/bin/../lib/gcc/arm-none-eabi/13.3.1/../../../../arm-none-eabi/lib/thumb/v7e-m+fp/hard\libc_nano.a(libc_a-lseekr.o)
[...]
Memory Configuration

Name             Origin             Length             Attributes
RAM              0x20000000         0x00020000         xrw
FLASH            0x08000000         0x00080000         xr
*default*        0x00000000         0xffffffff

Linker script and memory map

LOAD C:/ST/STM32CubeIDE_2.0.0/STM32CubeIDE/plugins/com.st.stm32cube.ide.mcu.externaltools.gnu-tools-for-stm32.13.3.rel1.win32_1.0.100.202509120712/tools/bin/../lib/gcc/arm-none-eabi/13.3.1/thumb/v7e-m+fp/hard/crti.o
LOAD C:/ST/STM32CubeIDE_2.0.0/STM32CubeIDE/plugins/com.st.stm32cube.ide.mcu.externaltools.gnu-tools-for-stm32.13.3.rel1.win32_1.0.100.202509120712/tools/bin/../lib/gcc/arm-none-eabi/13.3.1/thumb/v7e-m+fp/hard/crtbegin.o
LOAD C:/ST/STM32CubeIDE_2.0.0/STM32CubeIDE/plugins/com.st.stm32cube.ide.mcu.externaltools.gnu-tools-for-stm32.13.3.rel1.win32_1.0.100.202509120712/tools/bin/../lib/gcc/arm-none-eabi/13.3.1/../../../../arm-none-eabi/lib/thumb/v7e-m+fp/hard/crt0.o
LOAD ./Src/gpio_driver.o
LOAD ./Src/main.o
LOAD ./Src/syscalls.o
LOAD ./Src/sysmem.o
LOAD ./Src/timer_driver.o
LOAD ./Src/uart_driver.o
LOAD ./Startup/startup_stm32f446retx.o
START GROUP
LOAD C:/ST/STM32CubeIDE_2.0.0/STM32CubeIDE/plugins/com.st.stm32cube.ide.mcu.externaltools.gnu-tools-for-stm32.13.3.rel1.win32_1.0.100.202509120712/tools/bin/../lib/gcc/arm-none-eabi/13.3.1/../../../../arm-none-eabi/lib/thumb/v7e-m+fp/hard\libc_nano.a
LOAD C:/ST/STM32CubeIDE_2.0.0/STM32CubeIDE/plugins/com.st.stm32cube.ide.mcu.externaltools.gnu-tools-for-stm32.13.3.rel1.win32_1.0.100.202509120712/tools/bin/../lib/gcc/arm-none-eabi/13.3.1/../../../../arm-none-eabi/lib/thumb/v7e-m+fp/hard\libm.a
END GROUP
START GROUP
LOAD C:/ST/STM32CubeIDE_2.0.0/STM32CubeIDE/plugins/com.st.stm32cube.ide.mcu.externaltools.gnu-tools-for-stm32.13.3.rel1.win32_1.0.100.202509120712/tools/bin/../lib/gcc/arm-none-eabi/13.3.1/thumb/v7e-m+fp/hard\libgcc.a
LOAD C:/ST/STM32CubeIDE_2.0.0/STM32CubeIDE/plugins/com.st.stm32cube.ide.mcu.externaltools.gnu-tools-for-stm32.13.3.rel1.win32_1.0.100.202509120712/tools/bin/../lib/gcc/arm-none-eabi/13.3.1/../../../../arm-none-eabi/lib/thumb/v7e-m+fp/hard\libc_nano.a
END GROUP
START GROUP
LOAD C:/ST/STM32CubeIDE_2.0.0/STM32CubeIDE/plugins/com.st.stm32cube.ide.mcu.externaltools.gnu-tools-for-stm32.13.3.rel1.win32_1.0.100.202509120712/tools/bin/../lib/gcc/arm-none-eabi/13.3.1/thumb/v7e-m+fp/hard\libgcc.a
LOAD C:/ST/STM32CubeIDE_2.0.0/STM32CubeIDE/plugins/com.st.stm32cube.ide.mcu.externaltools.gnu-tools-for-stm32.13.3.rel1.win32_1.0.100.202509120712/tools/bin/../lib/gcc/arm-none-eabi/13.3.1/../../../../arm-none-eabi/lib/thumb/v7e-m+fp/hard\libc_nano.a
LOAD C:/ST/STM32CubeIDE_2.0.0/STM32CubeIDE/plugins/com.st.stm32cube.ide.mcu.externaltools.gnu-tools-for-stm32.13.3.rel1.win32_1.0.100.202509120712/tools/bin/../lib/gcc/arm-none-eabi/13.3.1/../../../../arm-none-eabi/lib/thumb/v7e-m+fp/hard\libnosys.a
END GROUP
START GROUP
LOAD C:/ST/STM32CubeIDE_2.0.0/STM32CubeIDE/plugins/com.st.stm32cube.ide.mcu.externaltools.gnu-tools-for-stm32.13.3.rel1.win32_1.0.100.202509120712/tools/bin/../lib/gcc/arm-none-eabi/13.3.1/thumb/v7e-m+fp/hard\libgcc.a
LOAD C:/ST/STM32CubeIDE_2.0.0/STM32CubeIDE/plugins/com.st.stm32cube.ide.mcu.externaltools.gnu-tools-for-stm32.13.3.rel1.win32_1.0.100.202509120712/tools/bin/../lib/gcc/arm-none-eabi/13.3.1/../../../../arm-none-eabi/lib/thumb/v7e-m+fp/hard\libc_nano.a
LOAD C:/ST/STM32CubeIDE_2.0.0/STM32CubeIDE/plugins/com.st.stm32cube.ide.mcu.externaltools.gnu-tools-for-stm32.13.3.rel1.win32_1.0.100.202509120712/tools/bin/../lib/gcc/arm-none-eabi/13.3.1/../../../../arm-none-eabi/lib/thumb/v7e-m+fp/hard\libnosys.a
END GROUP
LOAD C:/ST/STM32CubeIDE_2.0.0/STM32CubeIDE/plugins/com.st.stm32cube.ide.mcu.externaltools.gnu-tools-for-stm32.13.3.rel1.win32_1.0.100.202509120712/tools/bin/../lib/gcc/arm-none-eabi/13.3.1/thumb/v7e-m+fp/hard/crtend.o
LOAD C:/ST/STM32CubeIDE_2.0.0/STM32CubeIDE/plugins/com.st.stm32cube.ide.mcu.externaltools.gnu-tools-for-stm32.13.3.rel1.win32_1.0.100.202509120712/tools/bin/../lib/gcc/arm-none-eabi/13.3.1/thumb/v7e-m+fp/hard/crtn.o
                0x20020000                        _estack = (ORIGIN (RAM) + LENGTH (RAM))
                0x00000200                        _Min_Heap_Size = 0x200
                0x00000400                        _Min_Stack_Size = 0x400

.isr_vector     0x08000000      0x1c4
                0x08000000                        . = ALIGN (0x4)
 *(.isr_vector)
 .isr_vector    0x08000000      0x1c4 ./Startup/startup_stm32f446retx.o
                0x08000000                g_pfnVectors
                0x080001c4                        . = ALIGN (0x4)

.text           0x080001c4      0x27c
                0x080001c4                        . = ALIGN (0x4)
 *(.text)
 .text          0x080001c4       0x40 C:/ST/STM32CubeIDE_2.0.0/STM32CubeIDE/plugins/com.st.stm32cube.ide.mcu.externaltools.gnu-tools-for-stm32.13.3.rel1.win32_1.0.100.202509120712/tools/bin/../lib/gcc/arm-none-eabi/13.3.1/thumb/v7e-m+fp/hard/crtbegin.o
 *(.text*)
 .text.GPIO_Init
                0x08000204       0x54 ./Src/gpio_driver.o
                0x08000204                GPIO_Init
 .text.main     0x08000258       0x1c ./Src/main.o
                0x08000258                main
 .text.Timer_Init
                0x08000274       0x38 ./Src/timer_driver.o
                0x08000274                Timer_Init
 .text.Timer_Start
                0x080002ac       0x1e ./Src/timer_driver.o
                0x080002ac                Timer_Start
 .text.Timer_PWM_Init
                0x080002ca       0x48 ./Src/timer_driver.o
                0x080002ca                Timer_PWM_Init
 *fill*         0x08000312        0x2 
 .text.UART_Init
                0x08000314       0x78 ./Src/uart_driver.o
                0x08000314                UART_Init
 .text.Reset_Handler
                0x0800038c       0x50 ./Startup/startup_stm32f446retx.o
                0x0800038c                Reset_Handler
 .text.Default_Handler
                0x080003dc        0x2 ./Startup/startup_stm32f446retx.o
                0x080003dc                RTC_Alarm_IRQHandler
                0x080003dc                EXTI2_IRQHandler
                0x080003dc                TIM8_CC_IRQHandler
                0x080003dc                SPDIF_Rx_IRQHandler
                0x080003dc                DebugMon_Handler
                0x080003dc                SPI4_IRQHandler
                0x080003dc                TIM1_CC_IRQHandler
                0x080003dc                QuadSPI_IRQHandler
                0x080003dc                DMA2_Stream5_IRQHandler
                0x080003dc                HardFault_Handler
                0x080003dc                DMA1_Stream5_IRQHandler
                0x080003dc                SysTick_Handler
                0x080003dc                PVD_IRQHandler
                0x080003dc                SDIO_IRQHandler
                0x080003dc                TAMP_STAMP_IRQHandler
                0x080003dc                PendSV_Handler
                0x080003dc                NMI_Handler
                0x080003dc                CAN2_RX1_IRQHandler
                0x080003dc                EXTI3_IRQHandler
                0x080003dc                TIM8_TRG_COM_TIM14_IRQHandler
                0x080003dc                TIM1_UP_TIM10_IRQHandler
                0x080003dc                FMPI2C1_error_IRQHandler
                0x080003dc                TIM8_UP_TIM13_IRQHandler
                0x080003dc                I2C3_ER_IRQHandler
                0x080003dc                EXTI0_IRQHandler
                0x080003dc                I2C2_EV_IRQHandler
                0x080003dc                DMA1_Stream2_IRQHandler
                0x080003dc                CAN1_RX0_IRQHandler
                0x080003dc                OTG_HS_WKUP_IRQHandler
                0x080003dc                UsageFault_Handler
                0x080003dc                CAN2_SCE_IRQHandler
                0x080003dc                DMA2_Stream2_IRQHandler
                0x080003dc                SPI1_IRQHandler
                0x080003dc                TIM6_DAC_IRQHandler
                0x080003dc                TIM1_BRK_TIM9_IRQHandler
                0x080003dc                DCMI_IRQHandler
                0x080003dc                CAN2_RX0_IRQHandler
                0x080003dc                DMA2_Stream3_IRQHandler
                0x080003dc                FMPI2C1_IRQHandler
                0x080003dc                SAI2_IRQHandler
                0x080003dc                USART6_IRQHandler
                0x080003dc                USART3_IRQHandler
                0x080003dc                CAN1_RX1_IRQHandler
                0x080003dc                UART5_IRQHandler
                0x080003dc                DMA2_Stream0_IRQHandler
                0x080003dc                TIM4_IRQHandler
                0x080003dc                I2C1_EV_IRQHandler
                0x080003dc                HDMI_CEC_IRQHandler
                0x080003dc                DMA1_Stream6_IRQHandler
                0x080003dc                DMA1_Stream1_IRQHandler
                0x080003dc                UART4_IRQHandler
                0x080003dc                TIM3_IRQHandler
                0x080003dc                RCC_IRQHandler
                0x080003dc                TIM8_BRK_TIM12_IRQHandler
                0x080003dc                Default_Handler
                0x080003dc                EXTI15_10_IRQHandler
                0x080003dc                ADC_IRQHandler
                0x080003dc                DMA1_Stream7_IRQHandler
                0x080003dc                TIM7_IRQHandler
                0x080003dc                CAN2_TX_IRQHandler
                0x080003dc                TIM5_IRQHandler
                0x080003dc                DMA2_Stream7_IRQHandler
                0x080003dc                I2C3_EV_IRQHandler
                0x080003dc                EXTI9_5_IRQHandler
                0x080003dc                RTC_WKUP_IRQHandler
                0x080003dc                SPI2_IRQHandler
                0x080003dc                OTG_HS_EP1_IN_IRQHandler
                0x080003dc                MemManage_Handler
                0x080003dc                DMA1_Stream0_IRQHandler
                0x080003dc                CAN1_TX_IRQHandler
                0x080003dc                SVC_Handler
                0x080003dc                EXTI4_IRQHandler
                0x080003dc                OTG_HS_EP1_OUT_IRQHandler
                0x080003dc                WWDG_IRQHandler
                0x080003dc                TIM2_IRQHandler
                0x080003dc                OTG_FS_WKUP_IRQHandler
                0x080003dc                TIM1_TRG_COM_TIM11_IRQHandler
                0x080003dc                OTG_HS_IRQHandler
                0x080003dc                EXTI1_IRQHandler
                0x080003dc                USART2_IRQHandler
                0x080003dc                I2C2_ER_IRQHandler
                0x080003dc                DMA2_Stream1_IRQHandler
                0x080003dc                CAN1_SCE_IRQHandler
                0x080003dc                FLASH_IRQHandler
                0x080003dc                DMA2_Stream4_IRQHandler
                0x080003dc                BusFault_Handler
                0x080003dc                USART1_IRQHandler
                0x080003dc                OTG_FS_IRQHandler
                0x080003dc                SPI3_IRQHandler
                0x080003dc                DMA1_Stream4_IRQHandler
                0x080003dc                I2C1_ER_IRQHandler
                0x080003dc                FMC_IRQHandler
                0x080003dc                DMA2_Stream6_IRQHandler
                0x080003dc                SAI1_IRQHandler
                0x080003dc                DMA1_Stream3_IRQHandler
 *fill*         0x080003de        0x2 
 .text.__libc_init_array
                0x080003e0       0x48 C:/ST/STM32CubeIDE_2.0.0/STM32CubeIDE/plugins/com.st.stm32cube.ide.mcu.externaltools.gnu-tools-for-stm32.13.3.rel1.win32_1.0.100.202509120712/tools/bin/../lib/gcc/arm-none-eabi/13.3.1/../../../../arm-none-eabi/lib/thumb/v7e-m+fp/hard\libc_nano.a(libc_a-init.o)
                0x080003e0                __libc_init_array
 *(.glue_7)
 .glue_7        0x08000428        0x0 linker stubs
 *(.glue_7t)
 .glue_7t       0x08000428        0x0 linker stubs
 *(.eh_frame)
 .eh_frame      0x08000428        0x0 C:/ST/STM32CubeIDE_2.0.0/STM32CubeIDE/plugins/com.st.stm32cube.ide.mcu.externaltools.gnu-tools-for-stm32.13.3.rel1.win32_1.0.100.202509120712/tools/bin/../lib/gcc/arm-none-eabi/13.3.1/thumb/v7e-m+fp/hard/crtbegin.o
 *(.init)
 .init          0x08000428        0x4 C:/ST/STM32CubeIDE_2.0.0/STM32CubeIDE/plugins/com.st.stm32cube.ide.mcu.externaltools.gnu-tools-for-stm32.13.3.rel1.win32_1.0.100.202509120712/tools/bin/../lib/gcc/arm-none-eabi/13.3.1/thumb/v7e-m+fp/hard/crti.o
                0x08000428                _init
 .init          0x0800042c        0x8 C:/ST/STM32CubeIDE_2.0.0/STM32CubeIDE/plugins/com.st.stm32cube.ide.mcu.externaltools.gnu-tools-for-stm32.13.3.rel1.win32_1.0.100.202509120712/tools/bin/../lib/gcc/arm-none-eabi/13.3.1/thumb/v7e-m+fp/hard/crtn.o
 *(.fini)
 .fini          0x08000434        0x4 C:/ST/STM32CubeIDE_2.0.0/STM32CubeIDE/plugins/com.st.stm32cube.ide.mcu.externaltools.gnu-tools-for-stm32.13.3.rel1.win32_1.0.100.202509120712/tools/bin/../lib/gcc/arm-none-eabi/13.3.1/thumb/v7e-m+fp/hard/crti.o
                0x08000434                _fini
 .fini          0x08000438        0x8 C:/ST/STM32CubeIDE_2.0.0/STM32CubeIDE/plugins/com.st.stm32cube.ide.mcu.externaltools.gnu-tools-for-stm32.13.3.rel1.win32_1.0.100.202509120712/tools/bin/../lib/gcc/arm-none-eabi/13.3.1/thumb/v7e-m+fp/hard/crtn.o
                0x08000440                        . = ALIGN (0x4)
                0x08000440                        _etext = .

.vfp11_veneer   0x08000440        0x0
 .vfp11_veneer  0x08000440        0x0 linker stubs

.v4_bx          0x08000440        0x0
 .v4_bx         0x08000440        0x0 linker stubs

.iplt           0x08000440        0x0
 .iplt          0x08000440        0x0 C:/ST/STM32CubeIDE_2.0.0/STM32CubeIDE/plugins/com.st.stm32cube.ide.mcu.externaltools.gnu-tools-for-stm32.13.3.rel1.win32_1.0.100.202509120712/tools/bin/../lib/gcc/arm-none-eabi/13.3.1/thumb/v7e-m+fp/hard/crtbegin.o

.rodata         0x08000440        0x0
                0x08000440                        . = ALIGN (0x4)
 *(.rodata)
 *(.rodata*)
                0x08000440                        . = ALIGN (0x4)

.ARM.extab      0x08000440        0x0
                0x08000440                        . = ALIGN (0x4)
 *(.ARM.extab* .gnu.linkonce.armextab.*)
                0x08000440                        . = ALIGN (0x4)

.ARM            0x08000440        0x0
                0x08000440                        . = ALIGN (0x4)
                0x08000440                        __exidx_start = .
 *(.ARM.exidx*)
                0x08000440                        __exidx_end = .
                0x08000440                        . = ALIGN (0x4)

.preinit_array  0x08000440        0x0
                0x08000440                        . = ALIGN (0x4)
                0x08000440                        PROVIDE (__preinit_array_start = .)
 *(.preinit_array*)
                0x08000440                        PROVIDE (__preinit_array_end = .)
                0x08000440                        . = ALIGN (0x4)

.init_array     0x08000440        0x4
                0x08000440                        . = ALIGN (0x4)
                0x08000440                        PROVIDE (__init_array_start = .)
 *(SORT_BY_NAME(.init_array.*))
 *(.init_array*)
 .init_array    0x08000440        0x4 C:/ST/STM32CubeIDE_2.0.0/STM32CubeIDE/plugins/com.st.stm32cube.ide.mcu.externaltools.gnu-tools-for-stm32.13.3.rel1.win32_1.0.100.202509120712/tools/bin/../lib/gcc/arm-none-eabi/13.3.1/thumb/v7e-m+fp/hard/crtbegin.o
                0x08000444                        PROVIDE (__init_array_end = .)
                0x08000444                        . = ALIGN (0x4)

.fini_array     0x08000444        0x4
                0x08000444                        . = ALIGN (0x4)
                [!provide]                        PROVIDE (__fini_array_start = .)
 *(SORT_BY_NAME(.fini_array.*))
 *(.fini_array*)
 .fini_array    0x08000444        0x4 C:/ST/STM32CubeIDE_2.0.0/STM32CubeIDE/plugins/com.st.stm32cube.ide.mcu.externaltools.gnu-tools-for-stm32.13.3.rel1.win32_1.0.100.202509120712/tools/bin/../lib/gcc/arm-none-eabi/13.3.1/thumb/v7e-m+fp/hard/crtbegin.o
                [!provide]                        PROVIDE (__fini_array_end = .)
                0x08000448                        . = ALIGN (0x4)
                0x08000448                        _sidata = LOADADDR (.data)

.rel.dyn        0x08000448        0x0
 .rel.iplt      0x08000448        0x0 C:/ST/STM32CubeIDE_2.0.0/STM32CubeIDE/plugins/com.st.stm32cube.ide.mcu.externaltools.gnu-tools-for-stm32.13.3.rel1.win32_1.0.100.202509120712/tools/bin/../lib/gcc/arm-none-eabi/13.3.1/thumb/v7e-m+fp/hard/crtbegin.o

.data           0x20000000        0x0 load address 0x08000448
                0x20000000                        . = ALIGN (0x4)
                0x20000000                        _sdata = .
 *(.data)
 *(.data*)
 *(.RamFunc)
 *(.RamFunc*)
                0x20000000                        . = ALIGN (0x4)
                0x20000000                        _edata = .

.igot.plt       0x20000000        0x0 load address 0x08000448
 .igot.plt      0x20000000        0x0 C:/ST/STM32CubeIDE_2.0.0/STM32CubeIDE/plugins/com.st.stm32cube.ide.mcu.externaltools.gnu-tools-for-stm32.13.3.rel1.win32_1.0.100.202509120712/tools/bin/../lib/gcc/arm-none-eabi/13.3.1/thumb/v7e-m+fp/hard/crtbegin.o
                0x20000000                        . = ALIGN (0x4)

.bss            0x20000000       0x1c load address 0x08000448
                0x20000000                        _sbss = .
                0x20000000                        __bss_start__ = _sbss
 *(.bss)
 .bss           0x20000000       0x1c C:/ST/STM32CubeIDE_2.0.0/STM32CubeIDE/plugins/com.st.stm32cube.ide.mcu.externaltools.gnu-tools-for-stm32.13.3.rel1.win32_1.0.100.202509120712/tools/bin/../lib/gcc/arm-none-eabi/13.3.1/thumb/v7e-m+fp/hard/crtbegin.o
 *(.bss*)
 *(COMMON)
                0x2000001c                        . = ALIGN (0x4)
                0x2000001c                        _ebss = .
                0x2000001c                        __bss_end__ = _ebss

._user_heap_stack
                0x2000001c      0x604 load address 0x08000448
                0x20000020                        . = ALIGN (0x8)
 *fill*         0x2000001c        0x4 
                [!provide]                        PROVIDE (end = .)
                0x20000020                        PROVIDE (_end = .)
                0x20000220                        . = (. + _Min_Heap_Size)
 *fill*         0x20000020      0x200 
                0x20000620                        . = (. + _Min_Stack_Size)
 *fill*         0x20000220      0x400 
                0x20000620                        . = ALIGN (0x8)

/DISCARD/
 libc.a(*)
 libm.a(*)
 libgcc.a(*)

.ARM.attributes
                0x00000000       0x30
 *(.ARM.attributes)
 .ARM.attributes
                0x00000000       0x22 C:/ST/STM32CubeIDE_2.0.0/STM32CubeIDE/plugins/com.st.stm32cube.ide.mcu.externaltools.gnu-tools-for-stm32.13.3.rel1.win32_1.0.100.202509120712/tools/bin/../lib/gcc/arm-none-eabi/13.3.1/thumb/v7e-m+fp/hard/crti.o
 .ARM.attributes
                0x00000022       0x34 C:/ST/STM32CubeIDE_2.0.0/STM32CubeIDE/plugins/com.st.stm32cube.ide.mcu.externaltools.gnu-tools-for-stm32.13.3.rel1.win32_1.0.100.202509120712/tools/bin/../lib/gcc/arm-none-eabi/13.3.1/thumb/v7e-m+fp/hard/crtbegin.o
 .ARM.attributes
                0x00000056       0x34 ./Src/gpio_driver.o
 .ARM.attributes
                0x0000008a       0x34 ./Src/main.o
 .ARM.attributes
                0x000000be       0x34 ./Src/timer_driver.o
 .ARM.attributes
                0x000000f2       0x34 ./Src/uart_driver.o
 .ARM.attributes
                0x00000126       0x21 ./Startup/startup_stm32f446retx.o
 .ARM.attributes
                0x00000147       0x34 C:/ST/STM32CubeIDE_2.0.0/STM32CubeIDE/plugins/com.st.stm32cube.ide.mcu.externaltools.gnu-tools-for-stm32.13.3.rel1.win32_1.0.100.202509120712/tools/bin/../lib/gcc/arm-none-eabi/13.3.1/../../../../arm-none-eabi/lib/thumb/v7e-m+fp/hard\libc_nano.a(libc_a-init.o)
 .ARM.attributes
                0x0000017b       0x22 C:/ST/STM32CubeIDE_2.0.0/STM32CubeIDE/plugins/com.st.stm32cube.ide.mcu.externaltools.gnu-tools-for-stm32.13.3.rel1.win32_1.0.100.202509120712/tools/bin/../lib/gcc/arm-none-eabi/13.3.1/thumb/v7e-m+fp/hard/crtn.o
OUTPUT(pwm_brightness_controller.elf elf32-littlearm)
LOAD linker stubs
LOAD C:/ST/STM32CubeIDE_2.0.0/STM32CubeIDE/plugins/com.st.stm32cube.ide.mcu.externaltools.gnu-tools-for-stm32.13.3.rel1.win32_1.0.100.202509120712/tools/bin/../lib/gcc/arm-none-eabi/13.3.1/../../../../arm-none-eabi/lib/thumb/v7e-m+fp/hard\libc.a
LOAD C:/ST/STM32CubeIDE_2.0.0/STM32CubeIDE/plugins/com.st.stm32cube.ide.mcu.externaltools.gnu-tools-for-stm32.13.3.rel1.win32_1.0.100.202509120712/tools/bin/../lib/gcc/arm-none-eabi/13.3.1/../../../../arm-none-eabi/lib/thumb/v7e-m+fp/hard\libm.a
LOAD C:/ST/STM32CubeIDE_2.0.0/STM32CubeIDE/plugins/com.st.stm32cube.ide.mcu.externaltools.gnu-tools-for-stm32.13.3.rel1.win32_1.0.100.202509120712/tools/bin/../lib/gcc/arm-none-eabi/13.3.1/thumb/v7e-m+fp/hard\libgcc.a

.debug_info     0x00000000      0xb0d
 .debug_info    0x00000000      0x2ee ./Src/gpio_driver.o
 .debug_info    0x000002ee       0xaa ./Src/main.o
 .debug_info    0x00000398      0x397 ./Src/timer_driver.o
 .debug_info    0x0000072f      0x3ae ./Src/uart_driver.o
 .debug_info    0x00000add       0x30 ./Startup/startup_stm32f446retx.o

.debug_abbrev   0x00000000      0x2fa
 .debug_abbrev  0x00000000       0xb6 ./Src/gpio_driver.o
 .debug_abbrev  0x000000b6       0x5b ./Src/main.o
 .debug_abbrev  0x00000111       0xb7 ./Src/timer_driver.o
 .debug_abbrev  0x000001c8      0x10e ./Src/uart_driver.o
 .debug_abbrev  0x000002d6       0x24 ./Startup/startup_stm32f446retx.o

.debug_aranges  0x00000000       0xd0
 .debug_aranges
                0x00000000       0x20 ./Src/gpio_driver.o
 .debug_aranges
                0x00000020       0x20 ./Src/main.o
 .debug_aranges
                0x00000040       0x38 ./Src/timer_driver.o
 .debug_aranges
                0x00000078       0x30 ./Src/uart_driver.o
 .debug_aranges
                0x000000a8       0x28 ./Startup/startup_stm32f446retx.o

.debug_rnglists
                0x00000000       0x83
 .debug_rnglists
                0x00000000       0x13 ./Src/gpio_driver.o
 .debug_rnglists
                0x00000013       0x13 ./Src/main.o
 .debug_rnglists
                0x00000026       0x25 ./Src/timer_driver.o
 .debug_rnglists
                0x0000004b       0x1f ./Src/uart_driver.o
 .debug_rnglists
                0x0000006a       0x19 ./Startup/startup_stm32f446retx.o

.debug_macro    0x00000000    0x18d86
 .debug_macro   0x00000000       0xde ./Src/gpio_driver.o
 .debug_macro   0x000000de      0xaea ./Src/gpio_driver.o
 .debug_macro   0x00000bc8       0x28 ./Src/gpio_driver.o
 .debug_macro   0x00000bf0       0x28 ./Src/gpio_driver.o
 .debug_macro   0x00000c18       0x22 ./Src/gpio_driver.o
 .debug_macro   0x00000c3a       0x8e ./Src/gpio_driver.o
 .debug_macro   0x00000cc8       0x51 ./Src/gpio_driver.o
 .debug_macro   0x00000d19      0x103 ./Src/gpio_driver.o
 .debug_macro   0x00000e1c       0x6a ./Src/gpio_driver.o
 .debug_macro   0x00000e86      0x1df ./Src/gpio_driver.o
 .debug_macro   0x00001065       0x1c ./Src/gpio_driver.o
 .debug_macro   0x00001081       0x22 ./Src/gpio_driver.o
 .debug_macro   0x000010a3       0xfb ./Src/gpio_driver.o
 .debug_macro   0x0000119e     0x1011 ./Src/gpio_driver.o
 .debug_macro   0x000021af      0x11f ./Src/gpio_driver.o
 .debug_macro   0x000022ce    0x16749 ./Src/gpio_driver.o
 .debug_macro   0x00018a17       0x6d ./Src/gpio_driver.o
 .debug_macro   0x00018a84       0xec ./Src/main.o
 .debug_macro   0x00018b70      0x108 ./Src/timer_driver.o
 .debug_macro   0x00018c78      0x10e ./Src/uart_driver.o

.debug_line     0x00000000     0x16de
 .debug_line    0x00000000      0x56d ./Src/gpio_driver.o
 .debug_line    0x0000056d      0x566 ./Src/main.o
 .debug_line    0x00000ad3      0x5bf ./Src/timer_driver.o
 .debug_line    0x00001092      0x5d1 ./Src/uart_driver.o
 .debug_line    0x00001663       0x7b ./Startup/startup_stm32f446retx.o

.debug_str      0x00000000    0x8b34e
 .debug_str     0x00000000    0x8b34e ./Src/gpio_driver.o
                              0x8b270 (size before relaxing)
 .debug_str     0x0008b34e        0x0 ./Src/main.o
                              0x8b148 (size before relaxing)
 .debug_str     0x0008b34e        0x0 ./Src/timer_driver.o
                              0x8b325 (size before relaxing)
 .debug_str     0x0008b34e        0x0 ./Src/uart_driver.o
                              0x8b324 (size before relaxing)
 .debug_str     0x0008b34e        0x0 ./Startup/startup_stm32f446retx.o
                                 0x86 (size before relaxing)

.comment        0x00000000       0x43
 .comment       0x00000000       0x43 ./Src/gpio_driver.o
                                 0x44 (size before relaxing)
 .comment       0x00000043        0x0 ./Src/main.o
                                 0x44 (size before relaxing)
 .comment       0x00000043        0x0 ./Src/timer_driver.o
                                 0x44 (size before relaxing)
 .comment       0x00000043        0x0 ./Src/uart_driver.o
                                 0x44 (size before relaxing)

.debug_frame    0x00000000      0x194
 .debug_frame   0x00000000       0x30 ./Src/gpio_driver.o
 .debug_frame   0x00000030       0x2c ./Src/main.o
 .debug_frame   0x0000005c       0x90 ./Src/timer_driver.o
 .debug_frame   0x000000ec       0x7c ./Src/uart_driver.o
 .debug_frame   0x00000168       0x2c C:/ST/STM32CubeIDE_2.0.0/STM32CubeIDE/plugins/com.st.stm32cube.ide.mcu.externaltools.gnu-tools-for-stm32.13.3.rel1.win32_1.0.100.202509120712/tools/bin/../lib/gcc/arm-none-eabi/13.3.1/../../../../arm-none-eabi/lib/thumb/v7e-m+fp/hard\libc_nano.a(libc_a-init.o)

.debug_line_str
                0x00000000       0x6a
 .debug_line_str
                0x00000000       0x6a ./Startup/startup_stm32f446retx.o
